<?xml version="1.0" encoding="UTF-8"?>
<testsuites name="jest tests" tests="6" failures="0" time="1.758">
  <testsuite name="plugins" errors="0" failures="0" skipped="0" timestamp="2019-12-05T10:22:34" time="0.568" tests="2">
    <testcase classname="plugins hapi-swagger loads the swagger file for the admin api" name="plugins hapi-swagger loads the swagger file for the admin api" time="0.023">
    </testcase>
    <testcase classname="plugins hapi-swagger loads the swagger file for the default api" name="plugins hapi-swagger loads the swagger file for the default api" time="0.027">
    </testcase>
  </testsuite>
  <testsuite name="currency model" errors="0" failures="0" skipped="0" timestamp="2019-12-05T10:22:35" time="0.365" tests="2">
    <testcase classname="currency model getCurrencyById gets a currency by id" name="currency model getCurrencyById gets a currency by id" time="0.006">
    </testcase>
    <testcase classname="currency model getCurrencyById returns null when it cannot find a currency" name="currency model getCurrencyById returns null when it cannot find a currency" time="0.002">
    </testcase>
  </testsuite>
  <testsuite name="Oracle" errors="0" failures="0" skipped="0" timestamp="2019-12-05T10:22:35" time="0.268" tests="1">
    <testcase classname="Oracle creates an oracle" name="Oracle creates an oracle" time="0.026">
    </testcase>
  </testsuite>
  <testsuite name="example test" errors="0" failures="0" skipped="0" timestamp="2019-12-05T10:22:35" time="0.052" tests="1">
    <testcase classname="example test runs an example integration test" name="example test runs an example integration test" time="0.001">
    </testcase>
  </testsuite>
</testsuites>